{
    "Should run without failures": {
        "content": [
            [
                [
                    {
                        "id": "GCA_003719455.1",
                        "ena_tax": "default"
                    },
                    [
                        "SRR25010087_1.fastq:md5,717e8d1c6558ef61a60b08296f4c8b3a",
                        "SRR25010087_2.fastq:md5,c53cfbdc10ea4bde941845452ab5c2b9"
                    ]
                ]
            ]
        ],
        "meta": {
            "nf-test": "0.9.2",
            "nextflow": "25.04.3"
        },
        "timestamp": "2025-09-10T16:45:43.350895"
    }
}