{
    "Should run without failures": {
        "content": [
            [
                [
                    {
                        "id": "test_sample1",
                        "genome_id": "GCA_003719455.1",
                        "ena_tax": "default"
                    },
                    "/Users/vkale/Downloads/pipelines/datascout/.nf-test/tests/90f092ce12859450d7a2c9a5116c66b0/work/ae/0cb46e05b3bcd550639bf8c991eac1/test_sample1_orthodb_dir"
                ]
            ],
            [
                "/Users/vkale/Downloads/pipelines/datascout/.nf-test/tests/90f092ce12859450d7a2c9a5116c66b0/work/ae/0cb46e05b3bcd550639bf8c991eac1/versions.yml"
            ]
        ],
        "meta": {
            "nf-test": "0.9.2",
            "nextflow": "25.04.3"
        },
        "timestamp": "2025-09-09T12:39:58.308941"
    }
}