{
    "Should run without failures": {
        "content": [
            [
                [
                    {
                        "id": "GCA_003719455.1",
                        "ena_tax": "default"
                    },
                    "GCA_003719455.1_default_sourmash_gather.csv:md5,651c78167cfb4f462b6d3c3d2a24940f"
                ]
            ],
            [
                "versions.yml:md5,2d7ad663426fda66ce69eb2b6778478d"
            ]
        ],
        "meta": {
            "nf-test": "0.9.2",
            "nextflow": "25.04.3"
        },
        "timestamp": "2025-09-10T19:48:09.36207"
    }
}