{
    "Should run without failures": {
        "content": [
            [
                [
                    {
                        "id": "GCA_003719455.1",
                        "ena_tax": "default"
                    },
                    "/Users/vkale/Downloads/pipelines/datascout/.nf-test/tests/1cfef12aadc1a01b62ee610061ea47ff/work/8b/6993f384f0d4c75ba08ead74749255/GCA_003719455.1_reheaded_assembly.fasta"
                ]
            ]
        ],
        "meta": {
            "nf-test": "0.9.2",
            "nextflow": "25.04.3"
        },
        "timestamp": "2025-09-08T15:15:19.076557"
    }
}