{
    "Should run without failures": {
        "content": [
            [
                [
                    {
                        "id": "test_sample1",
                        "genome_id": "GCA_003719455.1",
                        "ena_tax": "default"
                    },
                    "test_sample1_tax_ranks.tsv:md5,b06eebb92f06f93c2894fb5f4e685d13"
                ]
            ],
            [
                "versions.yml:md5,b000fb6960a0415110097b73d9a673fe"
            ]
        ],
        "meta": {
            "nf-test": "0.9.2",
            "nextflow": "25.04.3"
        },
        "timestamp": "2025-09-11T10:52:41.859143"
    }
}