{
    "Should run without failures": {
        "content": [
            [
                [
                    {
                        "id": "test_sample1",
                        "genome_id": "GCA_003719455.1",
                        "ena_tax": "default"
                    },
                    "GCA_003719455.1_ENA_filtered_rna.csv:md5,15cad058a4845db7b543f89e6bb52ebb"
                ]
            ]
        ],
        "meta": {
            "nf-test": "0.9.2",
            "nextflow": "25.04.3"
        },
        "timestamp": "2025-09-17T11:19:24.703001"
    }
}